

• answer 1

  12:00 AM · worked 0s


▶ message 2  ↵ edit from here


• answer 2

  12:00 AM · worked 0s


λ message 3


editing a previous message · ↑/k earlier · ↓/j later · enter edit from here · esc or any other key …


λ

 gpt-6-sol high · workspace mode · /workspace/proj                      ctrl+t details · / commands
