  12:00 AM · worked 0s


λ message 7


• answer 7

  12:00 AM · worked 0s


▶ message 8  ↵ edit from here


• answer 8

  12:00 AM · worked 0s

editing a previous message · ↑/k earlier · ↓/j later · / search · enter edit from here · esc or any…


λ

 gpt-6-sol high · workspace mode · /workspace/proj                      ctrl+t details · / commands
