






































































╭──────────────────────────────────────╮
│ λ uah                                │
│                                      │
│ model:     gpt-6-sol high   /model … │
│ directory: /workspace/proj           │
╰──────────────────────────────────────╯

  REVIEW  changes against 'main'
          gpt-6-astra high · 5 steps
          39.1k tokens · 42s
    ├ SEARCH  ParseConfig i…  no matches
    ├ RAN     go test ./interna…  exit 1
    ├ LIST    internal/config
    └ ⠋ RAN   git diff 1a2b3c4


λ

 gpt-6-sol… ctrl+t details · / commands
