









╭────────────────────────────────────────────────╮
│ λ uah                                          │
│                                                │
│ model:     gpt-6-sol high   /model to change   │
│ directory: /workspace/proj                     │
╰────────────────────────────────────────────────╯

  REVIEW  changes against 'main'
          ■ interrupted · 1m 00s · gpt-6-astra high · 20.3k tokens


λ

 gpt-6-sol high · workspace mode · /workspace/proj                      ctrl+t details · / commands
