









╭────────────────────────────────────────────────╮
│ λ uah                                          │
│                                                │
│ model:     gpt-6-sol high   /model to change   │
│ directory: /workspace/proj                     │
╰────────────────────────────────────────────────╯

  REVIEW  changes against 'main'
          ✗ failed: the reviewer did not answer · 1m 00s · gpt-6-astra high · 39.1k tokens


λ

 gpt-6-sol high · workspace mode · /workspace/proj                      ctrl+t details · / commands
