






╭────────────────────────────────────────────────╮
│ λ uah                                          │
│                                                │
│ model:     gpt-6-sol high   /model to change   │
│ directory: /workspace/proj                     │
╰────────────────────────────────────────────────╯

  REVIEW  changes against 'main'
          no findings · ✓ patch is correct
          confidence 90% · 2m 10s · gpt-6-astra high · 140.1k tokens

    The change is sound.


λ

 gpt-6-sol high · workspace mode · /workspace/proj                      ctrl+t details · / commands
