








╭────────────────────────────────────────────────╮
│ λ uah                                          │
│                                                │
│ model:     gpt-6-sol high   /model to change   │
│ directory: /workspace/proj                     │
╰────────────────────────────────────────────────╯

  REVIEW changes against 'main'  gpt-6-astra high · 2m 10s · 5 steps · 140.1k tokens
    no findings · patch is correct · confidence 90%
    The change is sound.


λ

 gpt-6-sol high · workspace mode · /workspace/proj                      ctrl+t details · / commands
