home:         $ROOT/home
workspace:    $ROOT/ws (flag)
user file:    $ROOT/home/config.toml (read)
project file: $ROOT/ws/.uah/config.toml (read)

KEY                                               VALUE                         SOURCE
provider                                          openai-codex                  default
model                                             gpt-6-luna                    user file
effort                                            medium                        project file
request_max_attempts                              10                            default
max_disk                                          1G                            flag
fast                                              true                          user file
adaptive_effort                                   off                           default
context_preparation                               true                          default
tools.experimental_request_user_input.enabled     true                          default
model_verbosity                                   low                           default
permission_mode                                   read-only                     env
sandbox_mode                                      read-only                     env
approval_policy                                   on-request                    default
model_context_window                              272000                        default
instructions.enabled                              true                          default
skills.enabled                                    true                          default
tools.allow                                       every tool                    default
tools.deny                                        []                            default
approvals_reviewer                                user                          default
review.model                                      codex-auto-review             default
review.effort                                     low                           default
review.timeout                                    1m30s                         default
review.policy_file                                Codex's policy                default
web_search                                        live                          default
review_model                                      gpt-6-luna                    default
review_time_limit                                 none                          default
review_token_limit                                none                          default
review_command_timeout                            10m0s                         default
auto_compact_percent                              80                            project file
model_auto_compact_token_limit                    0                             default
compact_model                                     gpt-6-luna                    default
compact_effort                                    medium                        default
compact_prompt                                    uah's (Codex's, in sections)  default
experimental_compact_prompt_file                  ""                            default
compact_user_message_max_tokens                   20000                         default
compact_elide_after_calls                         10                            default
compact_keep_recent_calls                         5                             default
remote_compaction                                 true                          default
model_instructions_file                           uah's default prompt          default
instructions.max_bytes                            32768                         default
project_doc_max_bytes                             32768                         default
project_doc_fallback_filenames                    []                            default
project_root_markers                              [.git]                        default
sandbox_workspace_write.network_access            false                         default
sandbox_workspace_write.writable_roots            []                            default
approvals.allow                                   [go test, make]               user file + project file
approvals.forbid                                  []                            default
shell_environment_policy.inherit                  all                           default
shell_environment_policy.ignore_default_excludes  true                          default
shell_environment_policy.exclude                  []                            default
shell_environment_policy.include_only             []                            default
shell_environment_policy.set                      {}                            default
tui.details                                       false                         default
tui.mouse                                         true                          default
tui.title                                         true                          default
history.persistence                               save-all                      default
history.max_bytes                                 8388608                       default
features.goals                                    true                          default
goals.max_goal_token_budget                       0                             default
goals.max_continuations                           50                            default
hooks.Stop                                        [notify]                      user file
mcp_servers.docs                                  https://docs.example.com/mcp  project file
projects.<workspace>.trusted                      true                          user file
